// Jest Snapshot v1, https://goo.gl/fbAQLP

exports[`About Page Snapshot renders correctly 1`] = `undefined`;
