// Jest Snapshot v1, https://goo.gl/fbAQLP

exports[`Add New Product Page Snapshot renders correctly 1`] = `undefined`;
