// Jest Snapshot v1, https://goo.gl/fbAQLP

exports[`Registration Page Snapshot renders correctly 1`] = `ReactWrapper {}`;
